// Jest Snapshot v1, https://goo.gl/fbAQLP

exports[`<IssueDetail /> should render 1`] = `
ShallowWrapper {
  Symbol(enzyme.__root__): [Circular],
  Symbol(enzyme.__unrendered__): <IssueDetail
    data={
      Array [
        Object {
          "body": "some comment",
          "created_at": "xx.yy.zzzz",
          "id": 1234,
          "user": Object {
            "avatar_url": "some-url",
            "login": "savedo-commentor",
          },
        },
      ]
    }
    dispatch={
      [MockFunction] {
        "calls": Array [
          Array [
            [Function],
          ],
        ],
        "results": Array [
          Object {
            "isThrow": false,
            "value": undefined,
          },
        ],
      }
    }
    match={
      Object {
        "params": Object {
          "issueId": 123,
        },
      }
    }
    selected={
      Object {
        "body": "comment",
        "comments": 1,
        "created_at": "xx.yy.zzzz",
        "html_url": "some_url",
        "labels": Array [],
        "number": 123,
        "state": "open",
        "title": "Some Title",
        "user": Object {
          "avatar_url": "some-url",
          "login": "savedo",
        },
      }
    }
  />,
  Symbol(enzyme.__renderer__): Object {
    "batchedUpdates": [Function],
    "getNode": [Function],
    "render": [Function],
    "simulateError": [Function],
    "simulateEvent": [Function],
    "unmount": [Function],
  },
  Symbol(enzyme.__node__): Object {
    "instance": null,
    "key": undefined,
    "nodeType": "host",
    "props": Object {
      "children": Array [
        <Link
          className="home"
          replace={false}
          to="/"
        >
          <span>
            <Octicon
              className="octicon"
              icon={[Function]}
              size="small"
              verticalAlign="middle"
            />
          </span>
          <span
            className=" ml-5 project-title color-primary"
          >
            facebook
            <b>
              react
            </b>
          </span>
        </Link>,
        <div>
          <span>
            <h1
              className="title"
            >
              Some Title
               
              <span
                className="color-light"
              >
                #
                123
              </span>
            </h1>
          </span>
        </div>,
        <div
          className="status-container"
        >
          <div
            className="status-label-open"
          >
            <Octicon
              className="octicon"
              icon={[Function]}
              size="small"
              verticalAlign="middle"
            />
             
             Open
          </div>
          <div
            className="ml-5 color-light"
          >
            <b>
              savedo
            </b>
             opened this issue on 
            just now
             .
             
            1
             Comments
          </div>
        </div>,
        <Comment
          data={
            Object {
              "body": "comment",
              "comments": 1,
              "created_at": "xx.yy.zzzz",
              "html_url": "some_url",
              "labels": Array [],
              "number": 123,
              "state": "open",
              "title": "Some Title",
              "user": Object {
                "avatar_url": "some-url",
                "login": "savedo",
              },
            }
          }
        />,
        Array [
          <Comment
            data={
              Object {
                "body": "some comment",
                "created_at": "xx.yy.zzzz",
                "id": 1234,
                "user": Object {
                  "avatar_url": "some-url",
                  "login": "savedo-commentor",
                },
              }
            }
          />,
        ],
      ],
      "className": "issue-detail-container",
    },
    "ref": null,
    "rendered": Array [
      Object {
        "instance": null,
        "key": undefined,
        "nodeType": "class",
        "props": Object {
          "children": Array [
            <span>
              <Octicon
                className="octicon"
                icon={[Function]}
                size="small"
                verticalAlign="middle"
              />
            </span>,
            <span
              className=" ml-5 project-title color-primary"
            >
              facebook
              <b>
                react
              </b>
            </span>,
          ],
          "className": "home",
          "replace": false,
          "to": "/",
        },
        "ref": null,
        "rendered": Array [
          Object {
            "instance": null,
            "key": undefined,
            "nodeType": "host",
            "props": Object {
              "children": <Octicon
                className="octicon"
                icon={[Function]}
                size="small"
                verticalAlign="middle"
              />,
            },
            "ref": null,
            "rendered": Object {
              "instance": null,
              "key": undefined,
              "nodeType": "function",
              "props": Object {
                "className": "octicon",
                "icon": [Function],
                "size": "small",
                "verticalAlign": "middle",
              },
              "ref": null,
              "rendered": null,
              "type": [Function],
            },
            "type": "span",
          },
          Object {
            "instance": null,
            "key": undefined,
            "nodeType": "host",
            "props": Object {
              "children": Array [
                "facebook",
                <b>
                  react
                </b>,
              ],
              "className": " ml-5 project-title color-primary",
            },
            "ref": null,
            "rendered": Array [
              "facebook",
              Object {
                "instance": null,
                "key": undefined,
                "nodeType": "host",
                "props": Object {
                  "children": "react",
                },
                "ref": null,
                "rendered": "react",
                "type": "b",
              },
            ],
            "type": "span",
          },
        ],
        "type": [Function],
      },
      Object {
        "instance": null,
        "key": undefined,
        "nodeType": "host",
        "props": Object {
          "children": <span>
            <h1
              className="title"
            >
              Some Title
               
              <span
                className="color-light"
              >
                #
                123
              </span>
            </h1>
          </span>,
        },
        "ref": null,
        "rendered": Object {
          "instance": null,
          "key": undefined,
          "nodeType": "host",
          "props": Object {
            "children": <h1
              className="title"
            >
              Some Title
               
              <span
                className="color-light"
              >
                #
                123
              </span>
            </h1>,
          },
          "ref": null,
          "rendered": Object {
            "instance": null,
            "key": undefined,
            "nodeType": "host",
            "props": Object {
              "children": Array [
                "Some Title",
                " ",
                <span
                  className="color-light"
                >
                  #
                  123
                </span>,
              ],
              "className": "title",
            },
            "ref": null,
            "rendered": Array [
              "Some Title",
              " ",
              Object {
                "instance": null,
                "key": undefined,
                "nodeType": "host",
                "props": Object {
                  "children": Array [
                    "#",
                    123,
                  ],
                  "className": "color-light",
                },
                "ref": null,
                "rendered": Array [
                  "#",
                  123,
                ],
                "type": "span",
              },
            ],
            "type": "h1",
          },
          "type": "span",
        },
        "type": "div",
      },
      Object {
        "instance": null,
        "key": undefined,
        "nodeType": "host",
        "props": Object {
          "children": Array [
            <div
              className="status-label-open"
            >
              <Octicon
                className="octicon"
                icon={[Function]}
                size="small"
                verticalAlign="middle"
              />
               
               Open
            </div>,
            <div
              className="ml-5 color-light"
            >
              <b>
                savedo
              </b>
               opened this issue on 
              just now
               .
               
              1
               Comments
            </div>,
          ],
          "className": "status-container",
        },
        "ref": null,
        "rendered": Array [
          Object {
            "instance": null,
            "key": undefined,
            "nodeType": "host",
            "props": Object {
              "children": Array [
                <Octicon
                  className="octicon"
                  icon={[Function]}
                  size="small"
                  verticalAlign="middle"
                />,
                " ",
                " Open",
              ],
              "className": "status-label-open",
            },
            "ref": null,
            "rendered": Array [
              Object {
                "instance": null,
                "key": undefined,
                "nodeType": "function",
                "props": Object {
                  "className": "octicon",
                  "icon": [Function],
                  "size": "small",
                  "verticalAlign": "middle",
                },
                "ref": null,
                "rendered": null,
                "type": [Function],
              },
              " ",
              " Open",
            ],
            "type": "div",
          },
          Object {
            "instance": null,
            "key": undefined,
            "nodeType": "host",
            "props": Object {
              "children": Array [
                <b>
                  savedo
                </b>,
                " opened this issue on ",
                "just now",
                " .",
                " ",
                1,
                " Comments",
              ],
              "className": "ml-5 color-light",
            },
            "ref": null,
            "rendered": Array [
              Object {
                "instance": null,
                "key": undefined,
                "nodeType": "host",
                "props": Object {
                  "children": "savedo",
                },
                "ref": null,
                "rendered": "savedo",
                "type": "b",
              },
              " opened this issue on ",
              "just now",
              " .",
              " ",
              1,
              " Comments",
            ],
            "type": "div",
          },
        ],
        "type": "div",
      },
      Object {
        "instance": null,
        "key": undefined,
        "nodeType": "class",
        "props": Object {
          "data": Object {
            "body": "comment",
            "comments": 1,
            "created_at": "xx.yy.zzzz",
            "html_url": "some_url",
            "labels": Array [],
            "number": 123,
            "state": "open",
            "title": "Some Title",
            "user": Object {
              "avatar_url": "some-url",
              "login": "savedo",
            },
          },
        },
        "ref": null,
        "rendered": null,
        "type": [Function],
      },
      Object {
        "instance": null,
        "key": "1234",
        "nodeType": "class",
        "props": Object {
          "data": Object {
            "body": "some comment",
            "created_at": "xx.yy.zzzz",
            "id": 1234,
            "user": Object {
              "avatar_url": "some-url",
              "login": "savedo-commentor",
            },
          },
        },
        "ref": null,
        "rendered": null,
        "type": [Function],
      },
    ],
    "type": "div",
  },
  Symbol(enzyme.__nodes__): Array [
    Object {
      "instance": null,
      "key": undefined,
      "nodeType": "host",
      "props": Object {
        "children": Array [
          <Link
            className="home"
            replace={false}
            to="/"
          >
            <span>
              <Octicon
                className="octicon"
                icon={[Function]}
                size="small"
                verticalAlign="middle"
              />
            </span>
            <span
              className=" ml-5 project-title color-primary"
            >
              facebook
              <b>
                react
              </b>
            </span>
          </Link>,
          <div>
            <span>
              <h1
                className="title"
              >
                Some Title
                 
                <span
                  className="color-light"
                >
                  #
                  123
                </span>
              </h1>
            </span>
          </div>,
          <div
            className="status-container"
          >
            <div
              className="status-label-open"
            >
              <Octicon
                className="octicon"
                icon={[Function]}
                size="small"
                verticalAlign="middle"
              />
               
               Open
            </div>
            <div
              className="ml-5 color-light"
            >
              <b>
                savedo
              </b>
               opened this issue on 
              just now
               .
               
              1
               Comments
            </div>
          </div>,
          <Comment
            data={
              Object {
                "body": "comment",
                "comments": 1,
                "created_at": "xx.yy.zzzz",
                "html_url": "some_url",
                "labels": Array [],
                "number": 123,
                "state": "open",
                "title": "Some Title",
                "user": Object {
                  "avatar_url": "some-url",
                  "login": "savedo",
                },
              }
            }
          />,
          Array [
            <Comment
              data={
                Object {
                  "body": "some comment",
                  "created_at": "xx.yy.zzzz",
                  "id": 1234,
                  "user": Object {
                    "avatar_url": "some-url",
                    "login": "savedo-commentor",
                  },
                }
              }
            />,
          ],
        ],
        "className": "issue-detail-container",
      },
      "ref": null,
      "rendered": Array [
        Object {
          "instance": null,
          "key": undefined,
          "nodeType": "class",
          "props": Object {
            "children": Array [
              <span>
                <Octicon
                  className="octicon"
                  icon={[Function]}
                  size="small"
                  verticalAlign="middle"
                />
              </span>,
              <span
                className=" ml-5 project-title color-primary"
              >
                facebook
                <b>
                  react
                </b>
              </span>,
            ],
            "className": "home",
            "replace": false,
            "to": "/",
          },
          "ref": null,
          "rendered": Array [
            Object {
              "instance": null,
              "key": undefined,
              "nodeType": "host",
              "props": Object {
                "children": <Octicon
                  className="octicon"
                  icon={[Function]}
                  size="small"
                  verticalAlign="middle"
                />,
              },
              "ref": null,
              "rendered": Object {
                "instance": null,
                "key": undefined,
                "nodeType": "function",
                "props": Object {
                  "className": "octicon",
                  "icon": [Function],
                  "size": "small",
                  "verticalAlign": "middle",
                },
                "ref": null,
                "rendered": null,
                "type": [Function],
              },
              "type": "span",
            },
            Object {
              "instance": null,
              "key": undefined,
              "nodeType": "host",
              "props": Object {
                "children": Array [
                  "facebook",
                  <b>
                    react
                  </b>,
                ],
                "className": " ml-5 project-title color-primary",
              },
              "ref": null,
              "rendered": Array [
                "facebook",
                Object {
                  "instance": null,
                  "key": undefined,
                  "nodeType": "host",
                  "props": Object {
                    "children": "react",
                  },
                  "ref": null,
                  "rendered": "react",
                  "type": "b",
                },
              ],
              "type": "span",
            },
          ],
          "type": [Function],
        },
        Object {
          "instance": null,
          "key": undefined,
          "nodeType": "host",
          "props": Object {
            "children": <span>
              <h1
                className="title"
              >
                Some Title
                 
                <span
                  className="color-light"
                >
                  #
                  123
                </span>
              </h1>
            </span>,
          },
          "ref": null,
          "rendered": Object {
            "instance": null,
            "key": undefined,
            "nodeType": "host",
            "props": Object {
              "children": <h1
                className="title"
              >
                Some Title
                 
                <span
                  className="color-light"
                >
                  #
                  123
                </span>
              </h1>,
            },
            "ref": null,
            "rendered": Object {
              "instance": null,
              "key": undefined,
              "nodeType": "host",
              "props": Object {
                "children": Array [
                  "Some Title",
                  " ",
                  <span
                    className="color-light"
                  >
                    #
                    123
                  </span>,
                ],
                "className": "title",
              },
              "ref": null,
              "rendered": Array [
                "Some Title",
                " ",
                Object {
                  "instance": null,
                  "key": undefined,
                  "nodeType": "host",
                  "props": Object {
                    "children": Array [
                      "#",
                      123,
                    ],
                    "className": "color-light",
                  },
                  "ref": null,
                  "rendered": Array [
                    "#",
                    123,
                  ],
                  "type": "span",
                },
              ],
              "type": "h1",
            },
            "type": "span",
          },
          "type": "div",
        },
        Object {
          "instance": null,
          "key": undefined,
          "nodeType": "host",
          "props": Object {
            "children": Array [
              <div
                className="status-label-open"
              >
                <Octicon
                  className="octicon"
                  icon={[Function]}
                  size="small"
                  verticalAlign="middle"
                />
                 
                 Open
              </div>,
              <div
                className="ml-5 color-light"
              >
                <b>
                  savedo
                </b>
                 opened this issue on 
                just now
                 .
                 
                1
                 Comments
              </div>,
            ],
            "className": "status-container",
          },
          "ref": null,
          "rendered": Array [
            Object {
              "instance": null,
              "key": undefined,
              "nodeType": "host",
              "props": Object {
                "children": Array [
                  <Octicon
                    className="octicon"
                    icon={[Function]}
                    size="small"
                    verticalAlign="middle"
                  />,
                  " ",
                  " Open",
                ],
                "className": "status-label-open",
              },
              "ref": null,
              "rendered": Array [
                Object {
                  "instance": null,
                  "key": undefined,
                  "nodeType": "function",
                  "props": Object {
                    "className": "octicon",
                    "icon": [Function],
                    "size": "small",
                    "verticalAlign": "middle",
                  },
                  "ref": null,
                  "rendered": null,
                  "type": [Function],
                },
                " ",
                " Open",
              ],
              "type": "div",
            },
            Object {
              "instance": null,
              "key": undefined,
              "nodeType": "host",
              "props": Object {
                "children": Array [
                  <b>
                    savedo
                  </b>,
                  " opened this issue on ",
                  "just now",
                  " .",
                  " ",
                  1,
                  " Comments",
                ],
                "className": "ml-5 color-light",
              },
              "ref": null,
              "rendered": Array [
                Object {
                  "instance": null,
                  "key": undefined,
                  "nodeType": "host",
                  "props": Object {
                    "children": "savedo",
                  },
                  "ref": null,
                  "rendered": "savedo",
                  "type": "b",
                },
                " opened this issue on ",
                "just now",
                " .",
                " ",
                1,
                " Comments",
              ],
              "type": "div",
            },
          ],
          "type": "div",
        },
        Object {
          "instance": null,
          "key": undefined,
          "nodeType": "class",
          "props": Object {
            "data": Object {
              "body": "comment",
              "comments": 1,
              "created_at": "xx.yy.zzzz",
              "html_url": "some_url",
              "labels": Array [],
              "number": 123,
              "state": "open",
              "title": "Some Title",
              "user": Object {
                "avatar_url": "some-url",
                "login": "savedo",
              },
            },
          },
          "ref": null,
          "rendered": null,
          "type": [Function],
        },
        Object {
          "instance": null,
          "key": "1234",
          "nodeType": "class",
          "props": Object {
            "data": Object {
              "body": "some comment",
              "created_at": "xx.yy.zzzz",
              "id": 1234,
              "user": Object {
                "avatar_url": "some-url",
                "login": "savedo-commentor",
              },
            },
          },
          "ref": null,
          "rendered": null,
          "type": [Function],
        },
      ],
      "type": "div",
    },
  ],
  Symbol(enzyme.__options__): Object {
    "adapter": ReactSixteenAdapter {
      "options": Object {
        "enableComponentDidUpdateOnSetState": true,
        "lifecycles": Object {
          "componentDidUpdate": Object {
            "onSetState": true,
          },
          "getDerivedStateFromProps": true,
          "getSnapshotBeforeUpdate": true,
          "setState": Object {
            "skipsComponentDidUpdateOnNullish": true,
          },
        },
      },
    },
  },
}
`;
